.\gradlew : 
At line:1 char:1
+ .\gradlew compileJava 
--console=plain 2>&1 | 
Out-File -FilePath build 
...
+ ~~~~~~~~~~~~~~~~~~~~~~~~
~~~~~~~~~~~~~~~~~~
    + CategoryInfo        
      : NotSpecified: (:  
  String) [], RemoteExc   
 eption
    + FullyQualifiedError 
   Id : NativeCommandErr  
  or
 
FAILURE: Build failed 
with an exception.

* What went wrong:
Could not determine the 
dependencies of task 
':compileJava'.
> Could not resolve all 
dependencies for 
configuration 
':compileClasspath'.
   > Failed to calculate 
the value of task 
':compileJava' property 
'javaCompiler'.
      > Cannot find a 
Java installation on your 
machine (Windows 11 10.0 
amd64) matching: 
{languageVersion=17, 
vendor=any vendor, impleme
ntation=vendor-specific, n
ativeImageCapable=false}. 
Toolchain download 
repositories have not 
been configured.

* Try:
> Learn more about 
toolchain auto-detection 
and auto-provisioning at h
ttps://docs.gradle.org/9.3
.0/userguide/toolchains.ht
ml#sec:auto_detection.
> Learn more about 
toolchain repositories at 
https://docs.gradle.org/9.
3.0/userguide/toolchains.h
tml#sub:download_repositor
ies.
> Run with --stacktrace 
option to get the stack 
trace.
> Run with --info or 
--debug option to get 
more log output.
> Run with --scan to get 
full insights from a 
Build Scan (powered by 
Develocity).
> Get more help at 
https://help.gradle.org.

BUILD FAILED in 1s
